2026-03-14 23:01:56,850 - SANTEC_IL_STS - INFO - Project Version: 2.8.9, Date: 2024-11-19
2026-03-14 23:01:56,967 - SANTEC_IL_STS - INFO - Python Version: 3.13.7 (tags/v3.13.7:bcee1c3, Aug 14 2025, 14:15:11) [MSC v.1944 64 bit (AMD64)]
2026-03-14 23:01:56,967 - SANTEC_IL_STS - INFO - Python Implementation: CPythonArchitecture: 64bit
2026-03-14 23:01:56,967 - SANTEC_IL_STS - INFO - Operating System: Windows 10
2026-03-14 23:01:56,967 - SANTEC_IL_STS - INFO - Platform ID: Windows-10-10.0.19045-SP0
2026-03-14 23:01:56,967 - SANTEC_IL_STS - INFO - Machine: AMD64
2026-03-14 23:01:56,967 - SANTEC_IL_STS - INFO - Processor: Intel64 Family 6 Model 69 Stepping 1, GenuineIntel
2026-03-14 23:01:56,968 - SANTEC_IL_STS - INFO - Getting DLL path, root: c:\Users\Photonics\Desktop\zzx\src\santec\DLL\
2026-03-14 23:01:57,116 - SANTEC_IL_STS - INFO - Adding Instrument DLL to the root, result: InstrumentDLL, Version=2.9.0.0, Culture=neutral, PublicKeyToken=null
2026-03-14 23:01:57,117 - SANTEC_IL_STS - INFO - Adding STSProcess DLL to the root, result: STSProcess, Version=2.2.6.0, Culture=neutral, PublicKeyToken=null
2026-03-14 23:01:58,794 - SANTEC_IL_STS - INFO - Initializing Instrument Addresses
2026-03-14 23:01:58,794 - SANTEC_IL_STS - INFO - Getting GPIB resources
2026-03-14 23:01:58,795 - SANTEC_IL_STS - INFO - Available GPIB resources: ['GPIB0::1::INSTR', 'GPIB0::16::INSTR']
2026-03-14 23:01:58,795 - SANTEC_IL_STS - INFO - Opening resource: GPIB0::1::INSTR
2026-03-14 23:01:58,852 - SANTEC_IL_STS - INFO - Opened instrument: SANTEC,TSL-710,20090003,0003.0051

2026-03-14 23:01:58,853 - SANTEC_IL_STS - INFO - Opening resource: GPIB0::16::INSTR
2026-03-14 23:01:58,902 - SANTEC_IL_STS - INFO - Opened instrument: SANTEC,MPM-210,20090002,Ver.1.12

2026-03-14 23:01:58,903 - SANTEC_IL_STS - INFO - Current instruments: [<santec.get_address.Instrument object at 0x000001A47099E510>, <santec.get_address.Instrument object at 0x000001A46F2AAAD0>]
2026-03-14 23:01:58,904 - SANTEC_IL_STS - INFO - 自动选择TSL: GPIB0::1::INSTR
2026-03-14 23:01:58,904 - SANTEC_IL_STS - INFO - 自动选择MPM: GPIB0::16::INSTR
2026-03-14 23:01:58,990 - SANTEC_IL_STS - INFO - 自动选择DAQ设备: Dev1
2026-03-14 23:01:58,991 - SANTEC_IL_STS - INFO - Initializing Tsl Instrument class.
2026-03-14 23:01:59,008 - SANTEC_IL_STS - INFO - Tsl Instrument details, Interface: GPIB, Address: , Port: 5000, Instrument:<santec.get_address.Instrument object at 0x000001A47099E510>, Gpib connect type: ni
2026-03-14 23:01:59,008 - SANTEC_IL_STS - INFO - Connect Tsl instrument
2026-03-14 23:01:59,008 - SANTEC_IL_STS - INFO - Connect Tsl instrument, type GPIB
2026-03-14 23:01:59,399 - SANTEC_IL_STS - INFO - Connected to Tsl instrument.
2026-03-14 23:01:59,399 - SANTEC_IL_STS - INFO - Get TSL spec wavelength
2026-03-14 23:01:59,420 - SANTEC_IL_STS - INFO - TSL spec wavelength: min_wav=1480.0, max_wav=1640.0
2026-03-14 23:01:59,420 - SANTEC_IL_STS - INFO - Get TSL name
2026-03-14 23:01:59,422 - SANTEC_IL_STS - INFO - TSL name: TSL-710
2026-03-14 23:01:59,422 - SANTEC_IL_STS - INFO - Checking laser diode status
2026-03-14 23:01:59,436 - SANTEC_IL_STS - INFO - Laser diode ON.
2026-03-14 23:01:59,436 - SANTEC_IL_STS - INFO - Initializing Mpm Instrument class.
2026-03-14 23:01:59,437 - SANTEC_IL_STS - INFO - Mpm Instrument details, Interface: GPIB, Address: , Port: 5000, Instrument:<santec.get_address.Instrument object at 0x000001A46F2AAAD0>, Gpib connect type: ni
2026-03-14 23:01:59,437 - SANTEC_IL_STS - INFO - Connect Mpm instrument
2026-03-14 23:01:59,472 - SANTEC_IL_STS - INFO - Connected to Mpm instrument.
2026-03-14 23:01:59,472 - SANTEC_IL_STS - INFO - Initializing Spu Instrument class.
2026-03-14 23:01:59,473 - SANTEC_IL_STS - INFO - Spu Device details, Device Name: Dev1
2026-03-14 23:01:59,473 - SANTEC_IL_STS - INFO - Connect Spu device
2026-03-14 23:01:59,637 - SANTEC_IL_STS - INFO - Connected to Spu device. device_answer: USB-6210,32509105,Dev1
2026-03-14 23:01:59,637 - SANTEC_IL_STS - INFO - Writing to TSL, command: *CLS
2026-03-14 23:01:59,640 - SANTEC_IL_STS - INFO - Writing to TSL, command: *RST
2026-03-14 23:02:01,643 - SANTEC_IL_STS - INFO - Initializing STS Process class.
2026-03-14 23:02:01,645 - SANTEC_IL_STS - INFO - STS Process details, TslInstrument: TslInstrument, MpmInstrument: MpmInstrument, SpuDevice: <santec.daq_device_class.SpuDevice object at 0x000001A47099E7B0>
2026-03-14 23:02:10,489 - SANTEC_IL_STS - INFO - Set TSL power: 10.0
2026-03-14 23:02:10,581 - SANTEC_IL_STS - INFO - Set TSL sweep params: start_wavelength=1545.0, stop_wavelength=1555.0, sweep_step=0.0001, sweep_speed=1.0
2026-03-14 23:02:10,581 - SANTEC_IL_STS - INFO - TSL busy check
2026-03-14 23:02:10,584 - SANTEC_IL_STS - INFO - TSL busy check done.
2026-03-14 23:02:11,165 - SANTEC_IL_STS - INFO - TSL sweep params set, actual_step=0.001
2026-03-14 23:02:11,165 - SANTEC_IL_STS - INFO - TSL busy check
2026-03-14 23:02:11,173 - SANTEC_IL_STS - INFO - TSL busy check done.
2026-03-14 23:02:11,173 - SANTEC_IL_STS - INFO - STS set selected channels for measurement
2026-03-14 23:02:11,173 - SANTEC_IL_STS - INFO - Loading selected channels from previous scan params
2026-03-14 23:02:11,174 - SANTEC_IL_STS - INFO - Loaded the selected channels: 0,1;
2026-03-14 23:02:11,174 - SANTEC_IL_STS - INFO - STS set selected ranges
2026-03-14 23:02:11,174 - SANTEC_IL_STS - INFO - Loading selected ranges from previous scan params
2026-03-14 23:02:11,174 - SANTEC_IL_STS - INFO - Using the loaded dynamic ranges: 3
2026-03-14 23:02:11,174 - SANTEC_IL_STS - INFO - Selected ranges: [3]
2026-03-14 23:02:11,174 - SANTEC_IL_STS - INFO - Set STS data struct
2026-03-14 23:02:11,174 - SANTEC_IL_STS - INFO - Clear all the sts data struct lists.
2026-03-14 23:02:11,174 - SANTEC_IL_STS - INFO - Configure STSDatastruct for each measurement
2026-03-14 23:02:11,175 - SANTEC_IL_STS - INFO - Configure STSDataStruct for merge
2026-03-14 23:02:11,176 - SANTEC_IL_STS - INFO - STS data struct set.
2026-03-14 23:02:11,176 - SANTEC_IL_STS - INFO - Setting STS params
2026-03-14 23:02:11,176 - SANTEC_IL_STS - INFO - Set MPM logging params: start_wavelength=1545.0, stop_wavelength=1555.0, sweep_step=0.0001, sweep_speed=1.0, trigger_step=0.0
2026-03-14 23:02:11,509 - SANTEC_IL_STS - INFO - MPM logging params set.
2026-03-14 23:02:11,509 - SANTEC_IL_STS - INFO - Set SPU logging params: start_wavelength=1545.0, stop_wavelength=1555.0, sweep_speed=1.0, tsl_actual_step=0.001
2026-03-14 23:02:11,516 - SANTEC_IL_STS - INFO - SPU logging params set.
2026-03-14 23:02:11,516 - SANTEC_IL_STS - INFO - MPM get averaging time
2026-03-14 23:02:11,520 - SANTEC_IL_STS - INFO - MPM averaging time: 0.1
2026-03-14 23:02:11,521 - SANTEC_IL_STS - INFO - Clearing STS meas data
2026-03-14 23:02:11,529 - SANTEC_IL_STS - INFO - Clearing STS ref data
2026-03-14 23:02:11,529 - SANTEC_IL_STS - INFO - Making sweep wavelength table
2026-03-14 23:02:11,530 - SANTEC_IL_STS - INFO - Making target wavelength table
2026-03-14 23:02:11,534 - SANTEC_IL_STS - INFO - STS rescaling settings
2026-03-14 23:02:11,535 - SANTEC_IL_STS - INFO - MPM get averaging time
2026-03-14 23:02:11,538 - SANTEC_IL_STS - INFO - MPM averaging time: 0.1
2026-03-14 23:02:11,539 - SANTEC_IL_STS - INFO - STS params set.
2026-03-14 23:02:11,546 - SANTEC_IL_STS - INFO - STS reference operation
2026-03-14 23:02:12,630 - SANTEC_IL_STS - INFO - STS reference of Slot0 Ch1
2026-03-14 23:02:12,630 - SANTEC_IL_STS - INFO - MPM set range
2026-03-14 23:02:12,632 - SANTEC_IL_STS - INFO - MPM range set.
2026-03-14 23:02:12,633 - SANTEC_IL_STS - INFO - STS sweep proces
2026-03-14 23:02:12,633 - SANTEC_IL_STS - INFO - TSL start sweep
2026-03-14 23:02:12,658 - SANTEC_IL_STS - INFO - TSL start sweep done.
2026-03-14 23:02:12,659 - SANTEC_IL_STS - INFO - MPM start logging
2026-03-14 23:02:12,660 - SANTEC_IL_STS - INFO - MPM logging started.
2026-03-14 23:02:12,660 - SANTEC_IL_STS - INFO - TSL wait for sweep status
2026-03-14 23:02:13,744 - SANTEC_IL_STS - INFO - TSL wait for sweep status done.
2026-03-14 23:02:13,745 - SANTEC_IL_STS - INFO - SPU sampling start
2026-03-14 23:02:13,790 - SANTEC_IL_STS - INFO - SPU sampling started.
2026-03-14 23:02:13,790 - SANTEC_IL_STS - INFO - Issue soft trigger
2026-03-14 23:02:13,794 - SANTEC_IL_STS - INFO - Issue soft trigger done.
2026-03-14 23:02:13,794 - SANTEC_IL_STS - INFO - SPU sampling wait
2026-03-14 23:02:24,808 - SANTEC_IL_STS - INFO - SPU sampling wait done.
2026-03-14 23:02:24,808 - SANTEC_IL_STS - INFO - MPM wait for log completion
2026-03-14 23:02:24,813 - SANTEC_IL_STS - INFO - MPM logging completed. logging_point=100501
2026-03-14 23:02:24,813 - SANTEC_IL_STS - INFO - MPM stop logging
2026-03-14 23:02:24,815 - SANTEC_IL_STS - INFO - MPM logging stopped.
2026-03-14 23:02:24,815 - SANTEC_IL_STS - INFO - TSL wait for sweep status
2026-03-14 23:02:24,826 - SANTEC_IL_STS - INFO - TSL wait for sweep status done.
2026-03-14 23:02:24,827 - SANTEC_IL_STS - INFO - STS base sweep process done.
2026-03-14 23:02:24,827 - SANTEC_IL_STS - INFO - STS get reference data
2026-03-14 23:02:24,827 - SANTEC_IL_STS - INFO - MPM get each channel log data, slot_number=0, channel_number=1
2026-03-14 23:02:25,892 - SANTEC_IL_STS - INFO - MPM slot 0 channel 1, log data length: 100501
2026-03-14 23:02:25,963 - SANTEC_IL_STS - INFO - Reference log details: MPMNumber=0, SlotNumber=0ChannelNumber=1, RangeNumber=3,Log data length=100501
2026-03-14 23:02:25,963 - SANTEC_IL_STS - INFO - Adding ref mpm channel data.
2026-03-14 23:02:26,039 - SANTEC_IL_STS - INFO - SPU get sampling raw data
2026-03-14 23:02:26,073 - SANTEC_IL_STS - INFO - SPU sampling raw data acquired, data length: trigger=10001, monitor=1100001
2026-03-14 23:02:26,073 - SANTEC_IL_STS - INFO - Adding ref monitor data.
2026-03-14 23:02:26,079 - SANTEC_IL_STS - INFO - Calling ref data for rescaling.
2026-03-14 23:02:26,127 - SANTEC_IL_STS - INFO - Getting ref raw data.
2026-03-14 23:02:26,128 - SANTEC_IL_STS - INFO - Rescaled ref raw power: 100001, Rescaled red monitor: 100001
2026-03-14 23:02:26,128 - SANTEC_IL_STS - INFO - Getting target wavelength table.
2026-03-14 23:02:26,130 - SANTEC_IL_STS - INFO - Wavelength table length: 100001
2026-03-14 23:02:27,432 - SANTEC_IL_STS - INFO - TSL stop sweep
2026-03-14 23:02:27,446 - SANTEC_IL_STS - INFO - TSL stop sweep done.
2026-03-14 23:02:27,446 - SANTEC_IL_STS - INFO - STS reference completed.
2026-03-14 23:02:52,754 - SANTEC_IL_STS - INFO - STS reference operation
2026-03-14 23:02:53,511 - SANTEC_IL_STS - INFO - STS reference of Slot0 Ch1
2026-03-14 23:02:53,511 - SANTEC_IL_STS - INFO - MPM set range
2026-03-14 23:02:53,513 - SANTEC_IL_STS - INFO - MPM range set.
2026-03-14 23:02:53,514 - SANTEC_IL_STS - INFO - STS sweep proces
2026-03-14 23:02:53,515 - SANTEC_IL_STS - INFO - TSL start sweep
2026-03-14 23:02:53,538 - SANTEC_IL_STS - INFO - TSL start sweep done.
2026-03-14 23:02:53,539 - SANTEC_IL_STS - INFO - MPM start logging
2026-03-14 23:02:53,542 - SANTEC_IL_STS - INFO - MPM logging started.
2026-03-14 23:02:53,542 - SANTEC_IL_STS - INFO - TSL wait for sweep status
2026-03-14 23:02:54,635 - SANTEC_IL_STS - INFO - TSL wait for sweep status done.
2026-03-14 23:02:54,635 - SANTEC_IL_STS - INFO - SPU sampling start
2026-03-14 23:02:54,655 - SANTEC_IL_STS - INFO - SPU sampling started.
2026-03-14 23:02:54,656 - SANTEC_IL_STS - INFO - Issue soft trigger
2026-03-14 23:02:54,659 - SANTEC_IL_STS - INFO - Issue soft trigger done.
2026-03-14 23:02:54,659 - SANTEC_IL_STS - INFO - SPU sampling wait
2026-03-14 23:03:05,068 - SANTEC_IL_STS - INFO - SPU sampling wait done.
2026-03-14 23:03:05,069 - SANTEC_IL_STS - INFO - MPM wait for log completion
2026-03-14 23:03:05,072 - SANTEC_IL_STS - INFO - MPM logging completed. logging_point=100501
2026-03-14 23:03:05,073 - SANTEC_IL_STS - INFO - MPM stop logging
2026-03-14 23:03:05,074 - SANTEC_IL_STS - INFO - MPM logging stopped.
2026-03-14 23:03:05,074 - SANTEC_IL_STS - INFO - TSL wait for sweep status
2026-03-14 23:03:05,085 - SANTEC_IL_STS - INFO - TSL wait for sweep status done.
2026-03-14 23:03:05,086 - SANTEC_IL_STS - INFO - STS base sweep process done.
2026-03-14 23:03:05,086 - SANTEC_IL_STS - INFO - STS get reference data
2026-03-14 23:03:05,086 - SANTEC_IL_STS - INFO - MPM get each channel log data, slot_number=0, channel_number=1
2026-03-14 23:03:06,099 - SANTEC_IL_STS - INFO - MPM slot 0 channel 1, log data length: 100501
2026-03-14 23:03:06,190 - SANTEC_IL_STS - INFO - Reference log details: MPMNumber=0, SlotNumber=0ChannelNumber=1, RangeNumber=3,Log data length=100501
2026-03-14 23:03:06,190 - SANTEC_IL_STS - INFO - Adding ref mpm channel data.
2026-03-14 23:03:06,250 - SANTEC_IL_STS - INFO - SPU get sampling raw data
2026-03-14 23:03:06,285 - SANTEC_IL_STS - INFO - SPU sampling raw data acquired, data length: trigger=10001, monitor=1040550
2026-03-14 23:03:06,286 - SANTEC_IL_STS - INFO - Adding ref monitor data.
2026-03-14 23:03:06,287 - SANTEC_IL_STS - INFO - Calling ref data for rescaling.
2026-03-14 23:03:06,308 - SANTEC_IL_STS - INFO - Getting ref raw data.
2026-03-14 23:03:06,308 - SANTEC_IL_STS - INFO - Rescaled ref raw power: 100001, Rescaled red monitor: 100001
2026-03-14 23:03:06,308 - SANTEC_IL_STS - INFO - Getting target wavelength table.
2026-03-14 23:03:06,309 - SANTEC_IL_STS - INFO - Wavelength table length: 100001
2026-03-14 23:03:07,527 - SANTEC_IL_STS - INFO - TSL stop sweep
2026-03-14 23:03:07,539 - SANTEC_IL_STS - INFO - TSL stop sweep done.
2026-03-14 23:03:07,539 - SANTEC_IL_STS - INFO - STS reference completed.
2026-03-14 23:03:30,705 - SANTEC_IL_STS - INFO - STS reference operation
2026-03-14 23:03:31,440 - SANTEC_IL_STS - INFO - STS reference of Slot0 Ch1
2026-03-14 23:03:31,440 - SANTEC_IL_STS - INFO - MPM set range
2026-03-14 23:03:31,442 - SANTEC_IL_STS - INFO - MPM range set.
2026-03-14 23:03:31,442 - SANTEC_IL_STS - INFO - STS sweep proces
2026-03-14 23:03:31,442 - SANTEC_IL_STS - INFO - TSL start sweep
2026-03-14 23:03:31,468 - SANTEC_IL_STS - INFO - TSL start sweep done.
2026-03-14 23:03:31,468 - SANTEC_IL_STS - INFO - MPM start logging
2026-03-14 23:03:31,470 - SANTEC_IL_STS - INFO - MPM logging started.
2026-03-14 23:03:31,470 - SANTEC_IL_STS - INFO - TSL wait for sweep status
2026-03-14 23:03:32,623 - SANTEC_IL_STS - INFO - TSL wait for sweep status done.
2026-03-14 23:03:32,623 - SANTEC_IL_STS - INFO - SPU sampling start
2026-03-14 23:03:32,643 - SANTEC_IL_STS - INFO - SPU sampling started.
2026-03-14 23:03:32,643 - SANTEC_IL_STS - INFO - Issue soft trigger
2026-03-14 23:03:32,647 - SANTEC_IL_STS - INFO - Issue soft trigger done.
2026-03-14 23:03:32,647 - SANTEC_IL_STS - INFO - SPU sampling wait
2026-03-14 23:03:43,066 - SANTEC_IL_STS - INFO - SPU sampling wait done.
2026-03-14 23:03:43,066 - SANTEC_IL_STS - INFO - MPM wait for log completion
2026-03-14 23:03:43,070 - SANTEC_IL_STS - INFO - MPM logging completed. logging_point=100501
2026-03-14 23:03:43,070 - SANTEC_IL_STS - INFO - MPM stop logging
2026-03-14 23:03:43,072 - SANTEC_IL_STS - INFO - MPM logging stopped.
2026-03-14 23:03:43,072 - SANTEC_IL_STS - INFO - TSL wait for sweep status
2026-03-14 23:03:43,083 - SANTEC_IL_STS - INFO - TSL wait for sweep status done.
2026-03-14 23:03:43,083 - SANTEC_IL_STS - INFO - STS base sweep process done.
2026-03-14 23:03:43,083 - SANTEC_IL_STS - INFO - STS get reference data
2026-03-14 23:03:43,083 - SANTEC_IL_STS - INFO - MPM get each channel log data, slot_number=0, channel_number=1
2026-03-14 23:03:44,090 - SANTEC_IL_STS - INFO - MPM slot 0 channel 1, log data length: 100501
2026-03-14 23:03:44,155 - SANTEC_IL_STS - INFO - Reference log details: MPMNumber=0, SlotNumber=0ChannelNumber=1, RangeNumber=3,Log data length=100501
2026-03-14 23:03:44,155 - SANTEC_IL_STS - INFO - Adding ref mpm channel data.
2026-03-14 23:03:44,212 - SANTEC_IL_STS - INFO - SPU get sampling raw data
2026-03-14 23:03:44,244 - SANTEC_IL_STS - INFO - SPU sampling raw data acquired, data length: trigger=10001, monitor=1041560
2026-03-14 23:03:44,244 - SANTEC_IL_STS - INFO - Adding ref monitor data.
2026-03-14 23:03:44,247 - SANTEC_IL_STS - INFO - Calling ref data for rescaling.
2026-03-14 23:03:44,275 - SANTEC_IL_STS - INFO - Getting ref raw data.
2026-03-14 23:03:44,276 - SANTEC_IL_STS - INFO - Rescaled ref raw power: 100001, Rescaled red monitor: 100001
2026-03-14 23:03:44,277 - SANTEC_IL_STS - INFO - Getting target wavelength table.
2026-03-14 23:03:44,278 - SANTEC_IL_STS - INFO - Wavelength table length: 100001
2026-03-14 23:03:45,567 - SANTEC_IL_STS - INFO - TSL stop sweep
2026-03-14 23:03:45,579 - SANTEC_IL_STS - INFO - TSL stop sweep done.
2026-03-14 23:03:45,579 - SANTEC_IL_STS - INFO - STS reference completed.
2026-03-14 23:04:05,711 - SANTEC_IL_STS - INFO - STS reference operation
2026-03-14 23:04:11,464 - SANTEC_IL_STS - INFO - STS reference of Slot0 Ch1
2026-03-14 23:04:11,465 - SANTEC_IL_STS - INFO - MPM set range
2026-03-14 23:04:11,466 - SANTEC_IL_STS - INFO - MPM range set.
2026-03-14 23:04:11,467 - SANTEC_IL_STS - INFO - STS sweep proces
2026-03-14 23:04:11,467 - SANTEC_IL_STS - INFO - TSL start sweep
2026-03-14 23:04:11,491 - SANTEC_IL_STS - INFO - TSL start sweep done.
2026-03-14 23:04:11,491 - SANTEC_IL_STS - INFO - MPM start logging
2026-03-14 23:04:11,492 - SANTEC_IL_STS - INFO - MPM logging started.
2026-03-14 23:04:11,492 - SANTEC_IL_STS - INFO - TSL wait for sweep status
2026-03-14 23:04:12,561 - SANTEC_IL_STS - INFO - TSL wait for sweep status done.
2026-03-14 23:04:12,561 - SANTEC_IL_STS - INFO - SPU sampling start
2026-03-14 23:04:12,580 - SANTEC_IL_STS - INFO - SPU sampling started.
2026-03-14 23:04:12,580 - SANTEC_IL_STS - INFO - Issue soft trigger
2026-03-14 23:04:12,584 - SANTEC_IL_STS - INFO - Issue soft trigger done.
2026-03-14 23:04:12,584 - SANTEC_IL_STS - INFO - SPU sampling wait
2026-03-14 23:04:22,990 - SANTEC_IL_STS - INFO - SPU sampling wait done.
2026-03-14 23:04:22,990 - SANTEC_IL_STS - INFO - MPM wait for log completion
2026-03-14 23:04:22,994 - SANTEC_IL_STS - INFO - MPM logging completed. logging_point=100501
2026-03-14 23:04:22,994 - SANTEC_IL_STS - INFO - MPM stop logging
2026-03-14 23:04:22,996 - SANTEC_IL_STS - INFO - MPM logging stopped.
2026-03-14 23:04:22,996 - SANTEC_IL_STS - INFO - TSL wait for sweep status
2026-03-14 23:04:23,007 - SANTEC_IL_STS - INFO - TSL wait for sweep status done.
2026-03-14 23:04:23,007 - SANTEC_IL_STS - INFO - STS base sweep process done.
2026-03-14 23:04:23,007 - SANTEC_IL_STS - INFO - STS get reference data
2026-03-14 23:04:23,007 - SANTEC_IL_STS - INFO - MPM get each channel log data, slot_number=0, channel_number=1
2026-03-14 23:04:24,012 - SANTEC_IL_STS - INFO - MPM slot 0 channel 1, log data length: 100501
2026-03-14 23:04:24,093 - SANTEC_IL_STS - INFO - Reference log details: MPMNumber=0, SlotNumber=0ChannelNumber=1, RangeNumber=3,Log data length=100501
2026-03-14 23:04:24,093 - SANTEC_IL_STS - INFO - Adding ref mpm channel data.
2026-03-14 23:04:24,172 - SANTEC_IL_STS - INFO - SPU get sampling raw data
2026-03-14 23:04:24,204 - SANTEC_IL_STS - INFO - SPU sampling raw data acquired, data length: trigger=10001, monitor=1040221
2026-03-14 23:04:24,205 - SANTEC_IL_STS - INFO - Adding ref monitor data.
2026-03-14 23:04:24,208 - SANTEC_IL_STS - INFO - Calling ref data for rescaling.
2026-03-14 23:04:24,236 - SANTEC_IL_STS - INFO - Getting ref raw data.
2026-03-14 23:04:24,237 - SANTEC_IL_STS - INFO - Rescaled ref raw power: 100001, Rescaled red monitor: 100001
2026-03-14 23:04:24,237 - SANTEC_IL_STS - INFO - Getting target wavelength table.
2026-03-14 23:04:24,238 - SANTEC_IL_STS - INFO - Wavelength table length: 100001
2026-03-14 23:04:25,533 - SANTEC_IL_STS - INFO - TSL stop sweep
2026-03-14 23:04:25,546 - SANTEC_IL_STS - INFO - TSL stop sweep done.
2026-03-14 23:04:25,546 - SANTEC_IL_STS - INFO - STS reference completed.
2026-03-14 23:04:49,569 - SANTEC_IL_STS - INFO - STS reference operation
2026-03-14 23:04:50,436 - SANTEC_IL_STS - INFO - STS reference of Slot0 Ch1
2026-03-14 23:04:50,436 - SANTEC_IL_STS - INFO - MPM set range
2026-03-14 23:04:50,438 - SANTEC_IL_STS - INFO - MPM range set.
2026-03-14 23:04:50,438 - SANTEC_IL_STS - INFO - STS sweep proces
2026-03-14 23:04:50,438 - SANTEC_IL_STS - INFO - TSL start sweep
2026-03-14 23:04:50,463 - SANTEC_IL_STS - INFO - TSL start sweep done.
2026-03-14 23:04:50,463 - SANTEC_IL_STS - INFO - MPM start logging
2026-03-14 23:04:50,465 - SANTEC_IL_STS - INFO - MPM logging started.
2026-03-14 23:04:50,465 - SANTEC_IL_STS - INFO - TSL wait for sweep status
2026-03-14 23:04:51,504 - SANTEC_IL_STS - INFO - TSL wait for sweep status done.
2026-03-14 23:04:51,505 - SANTEC_IL_STS - INFO - SPU sampling start
2026-03-14 23:04:51,526 - SANTEC_IL_STS - INFO - SPU sampling started.
2026-03-14 23:04:51,526 - SANTEC_IL_STS - INFO - Issue soft trigger
2026-03-14 23:04:51,530 - SANTEC_IL_STS - INFO - Issue soft trigger done.
2026-03-14 23:04:51,530 - SANTEC_IL_STS - INFO - SPU sampling wait
2026-03-14 23:05:01,954 - SANTEC_IL_STS - INFO - SPU sampling wait done.
2026-03-14 23:05:01,954 - SANTEC_IL_STS - INFO - MPM wait for log completion
2026-03-14 23:05:01,958 - SANTEC_IL_STS - INFO - MPM logging completed. logging_point=100501
2026-03-14 23:05:01,958 - SANTEC_IL_STS - INFO - MPM stop logging
2026-03-14 23:05:01,959 - SANTEC_IL_STS - INFO - MPM logging stopped.
2026-03-14 23:05:01,959 - SANTEC_IL_STS - INFO - TSL wait for sweep status
2026-03-14 23:05:01,971 - SANTEC_IL_STS - INFO - TSL wait for sweep status done.
2026-03-14 23:05:01,971 - SANTEC_IL_STS - INFO - STS base sweep process done.
2026-03-14 23:05:01,971 - SANTEC_IL_STS - INFO - STS get reference data
2026-03-14 23:05:01,971 - SANTEC_IL_STS - INFO - MPM get each channel log data, slot_number=0, channel_number=1
2026-03-14 23:05:03,006 - SANTEC_IL_STS - INFO - MPM slot 0 channel 1, log data length: 100501
2026-03-14 23:05:03,084 - SANTEC_IL_STS - INFO - Reference log details: MPMNumber=0, SlotNumber=0ChannelNumber=1, RangeNumber=3,Log data length=100501
2026-03-14 23:05:03,084 - SANTEC_IL_STS - INFO - Adding ref mpm channel data.
2026-03-14 23:05:03,141 - SANTEC_IL_STS - INFO - SPU get sampling raw data
2026-03-14 23:05:03,172 - SANTEC_IL_STS - INFO - SPU sampling raw data acquired, data length: trigger=10001, monitor=1042051
2026-03-14 23:05:03,172 - SANTEC_IL_STS - INFO - Adding ref monitor data.
2026-03-14 23:05:03,176 - SANTEC_IL_STS - INFO - Calling ref data for rescaling.
2026-03-14 23:05:03,204 - SANTEC_IL_STS - INFO - Getting ref raw data.
2026-03-14 23:05:03,205 - SANTEC_IL_STS - INFO - Rescaled ref raw power: 100001, Rescaled red monitor: 100001
2026-03-14 23:05:03,205 - SANTEC_IL_STS - INFO - Getting target wavelength table.
2026-03-14 23:05:03,206 - SANTEC_IL_STS - INFO - Wavelength table length: 100001
2026-03-14 23:05:04,457 - SANTEC_IL_STS - INFO - TSL stop sweep
2026-03-14 23:05:04,469 - SANTEC_IL_STS - INFO - TSL stop sweep done.
2026-03-14 23:05:04,469 - SANTEC_IL_STS - INFO - STS reference completed.
2026-03-14 23:05:18,157 - SANTEC_IL_STS - INFO - STS reference operation
2026-03-14 23:05:21,251 - SANTEC_IL_STS - INFO - STS reference of Slot0 Ch1
2026-03-14 23:05:21,251 - SANTEC_IL_STS - INFO - MPM set range
2026-03-14 23:05:21,253 - SANTEC_IL_STS - INFO - MPM range set.
2026-03-14 23:05:21,253 - SANTEC_IL_STS - INFO - STS sweep proces
2026-03-14 23:05:21,254 - SANTEC_IL_STS - INFO - TSL start sweep
2026-03-14 23:05:21,277 - SANTEC_IL_STS - INFO - TSL start sweep done.
2026-03-14 23:05:21,278 - SANTEC_IL_STS - INFO - MPM start logging
2026-03-14 23:05:21,279 - SANTEC_IL_STS - INFO - MPM logging started.
2026-03-14 23:05:21,279 - SANTEC_IL_STS - INFO - TSL wait for sweep status
2026-03-14 23:05:22,397 - SANTEC_IL_STS - INFO - TSL wait for sweep status done.
2026-03-14 23:05:22,397 - SANTEC_IL_STS - INFO - SPU sampling start
2026-03-14 23:05:22,416 - SANTEC_IL_STS - INFO - SPU sampling started.
2026-03-14 23:05:22,417 - SANTEC_IL_STS - INFO - Issue soft trigger
2026-03-14 23:05:22,420 - SANTEC_IL_STS - INFO - Issue soft trigger done.
2026-03-14 23:05:22,420 - SANTEC_IL_STS - INFO - SPU sampling wait
2026-03-14 23:05:32,835 - SANTEC_IL_STS - INFO - SPU sampling wait done.
2026-03-14 23:05:32,835 - SANTEC_IL_STS - INFO - MPM wait for log completion
2026-03-14 23:05:32,838 - SANTEC_IL_STS - INFO - MPM logging completed. logging_point=100501
2026-03-14 23:05:32,839 - SANTEC_IL_STS - INFO - MPM stop logging
2026-03-14 23:05:32,840 - SANTEC_IL_STS - INFO - MPM logging stopped.
2026-03-14 23:05:32,840 - SANTEC_IL_STS - INFO - TSL wait for sweep status
2026-03-14 23:05:32,851 - SANTEC_IL_STS - INFO - TSL wait for sweep status done.
2026-03-14 23:05:32,851 - SANTEC_IL_STS - INFO - STS base sweep process done.
2026-03-14 23:05:32,851 - SANTEC_IL_STS - INFO - STS get reference data
2026-03-14 23:05:32,851 - SANTEC_IL_STS - INFO - MPM get each channel log data, slot_number=0, channel_number=1
2026-03-14 23:05:33,847 - SANTEC_IL_STS - INFO - MPM slot 0 channel 1, log data length: 100501
2026-03-14 23:05:33,899 - SANTEC_IL_STS - INFO - Reference log details: MPMNumber=0, SlotNumber=0ChannelNumber=1, RangeNumber=3,Log data length=100501
2026-03-14 23:05:33,899 - SANTEC_IL_STS - INFO - Adding ref mpm channel data.
2026-03-14 23:05:33,982 - SANTEC_IL_STS - INFO - SPU get sampling raw data
2026-03-14 23:05:34,011 - SANTEC_IL_STS - INFO - SPU sampling raw data acquired, data length: trigger=10001, monitor=1041010
2026-03-14 23:05:34,011 - SANTEC_IL_STS - INFO - Adding ref monitor data.
2026-03-14 23:05:34,013 - SANTEC_IL_STS - INFO - Calling ref data for rescaling.
2026-03-14 23:05:34,040 - SANTEC_IL_STS - INFO - Getting ref raw data.
2026-03-14 23:05:34,040 - SANTEC_IL_STS - INFO - Rescaled ref raw power: 100001, Rescaled red monitor: 100001
2026-03-14 23:05:34,041 - SANTEC_IL_STS - INFO - Getting target wavelength table.
2026-03-14 23:05:34,041 - SANTEC_IL_STS - INFO - Wavelength table length: 100001
2026-03-14 23:05:35,333 - SANTEC_IL_STS - INFO - TSL stop sweep
2026-03-14 23:05:35,345 - SANTEC_IL_STS - INFO - TSL stop sweep done.
2026-03-14 23:05:35,345 - SANTEC_IL_STS - INFO - STS reference completed.
2026-03-14 23:05:55,827 - SANTEC_IL_STS - INFO - STS reference operation
2026-03-14 23:05:59,469 - SANTEC_IL_STS - INFO - STS reference of Slot0 Ch1
2026-03-14 23:05:59,469 - SANTEC_IL_STS - INFO - MPM set range
2026-03-14 23:05:59,470 - SANTEC_IL_STS - INFO - MPM range set.
2026-03-14 23:05:59,471 - SANTEC_IL_STS - INFO - STS sweep proces
2026-03-14 23:05:59,471 - SANTEC_IL_STS - INFO - TSL start sweep
2026-03-14 23:05:59,496 - SANTEC_IL_STS - INFO - TSL start sweep done.
2026-03-14 23:05:59,496 - SANTEC_IL_STS - INFO - MPM start logging
2026-03-14 23:05:59,497 - SANTEC_IL_STS - INFO - MPM logging started.
2026-03-14 23:05:59,497 - SANTEC_IL_STS - INFO - TSL wait for sweep status
2026-03-14 23:06:00,545 - SANTEC_IL_STS - INFO - TSL wait for sweep status done.
2026-03-14 23:06:00,545 - SANTEC_IL_STS - INFO - SPU sampling start
2026-03-14 23:06:00,565 - SANTEC_IL_STS - INFO - SPU sampling started.
2026-03-14 23:06:00,565 - SANTEC_IL_STS - INFO - Issue soft trigger
2026-03-14 23:06:00,568 - SANTEC_IL_STS - INFO - Issue soft trigger done.
2026-03-14 23:06:00,568 - SANTEC_IL_STS - INFO - SPU sampling wait
2026-03-14 23:06:10,978 - SANTEC_IL_STS - INFO - SPU sampling wait done.
2026-03-14 23:06:10,978 - SANTEC_IL_STS - INFO - MPM wait for log completion
2026-03-14 23:06:10,982 - SANTEC_IL_STS - INFO - MPM logging completed. logging_point=100501
2026-03-14 23:06:10,982 - SANTEC_IL_STS - INFO - MPM stop logging
2026-03-14 23:06:10,983 - SANTEC_IL_STS - INFO - MPM logging stopped.
2026-03-14 23:06:10,983 - SANTEC_IL_STS - INFO - TSL wait for sweep status
2026-03-14 23:06:10,994 - SANTEC_IL_STS - INFO - TSL wait for sweep status done.
2026-03-14 23:06:10,994 - SANTEC_IL_STS - INFO - STS base sweep process done.
2026-03-14 23:06:10,995 - SANTEC_IL_STS - INFO - STS get reference data
2026-03-14 23:06:10,995 - SANTEC_IL_STS - INFO - MPM get each channel log data, slot_number=0, channel_number=1
2026-03-14 23:06:12,027 - SANTEC_IL_STS - INFO - MPM slot 0 channel 1, log data length: 100501
2026-03-14 23:06:12,100 - SANTEC_IL_STS - INFO - Reference log details: MPMNumber=0, SlotNumber=0ChannelNumber=1, RangeNumber=3,Log data length=100501
2026-03-14 23:06:12,100 - SANTEC_IL_STS - INFO - Adding ref mpm channel data.
2026-03-14 23:06:12,178 - SANTEC_IL_STS - INFO - SPU get sampling raw data
2026-03-14 23:06:12,209 - SANTEC_IL_STS - INFO - SPU sampling raw data acquired, data length: trigger=10001, monitor=1040420
2026-03-14 23:06:12,209 - SANTEC_IL_STS - INFO - Adding ref monitor data.
2026-03-14 23:06:12,213 - SANTEC_IL_STS - INFO - Calling ref data for rescaling.
2026-03-14 23:06:12,233 - SANTEC_IL_STS - INFO - Getting ref raw data.
2026-03-14 23:06:12,234 - SANTEC_IL_STS - INFO - Rescaled ref raw power: 100001, Rescaled red monitor: 100001
2026-03-14 23:06:12,234 - SANTEC_IL_STS - INFO - Getting target wavelength table.
2026-03-14 23:06:12,235 - SANTEC_IL_STS - INFO - Wavelength table length: 100001
2026-03-14 23:06:13,495 - SANTEC_IL_STS - INFO - TSL stop sweep
2026-03-14 23:06:13,507 - SANTEC_IL_STS - INFO - TSL stop sweep done.
2026-03-14 23:06:13,507 - SANTEC_IL_STS - INFO - STS reference completed.
2026-03-14 23:06:27,402 - SANTEC_IL_STS - INFO - STS reference operation
2026-03-14 23:06:28,230 - SANTEC_IL_STS - INFO - STS reference of Slot0 Ch1
2026-03-14 23:06:28,230 - SANTEC_IL_STS - INFO - MPM set range
2026-03-14 23:06:28,232 - SANTEC_IL_STS - INFO - MPM range set.
2026-03-14 23:06:28,232 - SANTEC_IL_STS - INFO - STS sweep proces
2026-03-14 23:06:28,232 - SANTEC_IL_STS - INFO - TSL start sweep
2026-03-14 23:06:28,257 - SANTEC_IL_STS - INFO - TSL start sweep done.
2026-03-14 23:06:28,257 - SANTEC_IL_STS - INFO - MPM start logging
2026-03-14 23:06:28,259 - SANTEC_IL_STS - INFO - MPM logging started.
2026-03-14 23:06:28,259 - SANTEC_IL_STS - INFO - TSL wait for sweep status
2026-03-14 23:06:29,352 - SANTEC_IL_STS - INFO - TSL wait for sweep status done.
2026-03-14 23:06:29,352 - SANTEC_IL_STS - INFO - SPU sampling start
2026-03-14 23:06:29,372 - SANTEC_IL_STS - INFO - SPU sampling started.
2026-03-14 23:06:29,372 - SANTEC_IL_STS - INFO - Issue soft trigger
2026-03-14 23:06:29,376 - SANTEC_IL_STS - INFO - Issue soft trigger done.
2026-03-14 23:06:29,376 - SANTEC_IL_STS - INFO - SPU sampling wait
2026-03-14 23:06:39,785 - SANTEC_IL_STS - INFO - SPU sampling wait done.
2026-03-14 23:06:39,785 - SANTEC_IL_STS - INFO - MPM wait for log completion
2026-03-14 23:06:39,789 - SANTEC_IL_STS - INFO - MPM logging completed. logging_point=100501
2026-03-14 23:06:39,789 - SANTEC_IL_STS - INFO - MPM stop logging
2026-03-14 23:06:39,791 - SANTEC_IL_STS - INFO - MPM logging stopped.
2026-03-14 23:06:39,791 - SANTEC_IL_STS - INFO - TSL wait for sweep status
2026-03-14 23:06:39,802 - SANTEC_IL_STS - INFO - TSL wait for sweep status done.
2026-03-14 23:06:39,802 - SANTEC_IL_STS - INFO - STS base sweep process done.
2026-03-14 23:06:39,802 - SANTEC_IL_STS - INFO - STS get reference data
2026-03-14 23:06:39,802 - SANTEC_IL_STS - INFO - MPM get each channel log data, slot_number=0, channel_number=1
2026-03-14 23:06:40,822 - SANTEC_IL_STS - INFO - MPM slot 0 channel 1, log data length: 100501
2026-03-14 23:06:40,889 - SANTEC_IL_STS - INFO - Reference log details: MPMNumber=0, SlotNumber=0ChannelNumber=1, RangeNumber=3,Log data length=100501
2026-03-14 23:06:40,889 - SANTEC_IL_STS - INFO - Adding ref mpm channel data.
2026-03-14 23:06:40,960 - SANTEC_IL_STS - INFO - SPU get sampling raw data
2026-03-14 23:06:40,989 - SANTEC_IL_STS - INFO - SPU sampling raw data acquired, data length: trigger=10001, monitor=1040510
2026-03-14 23:06:40,989 - SANTEC_IL_STS - INFO - Adding ref monitor data.
2026-03-14 23:06:40,991 - SANTEC_IL_STS - INFO - Calling ref data for rescaling.
2026-03-14 23:06:41,019 - SANTEC_IL_STS - INFO - Getting ref raw data.
2026-03-14 23:06:41,019 - SANTEC_IL_STS - INFO - Rescaled ref raw power: 100001, Rescaled red monitor: 100001
2026-03-14 23:06:41,019 - SANTEC_IL_STS - INFO - Getting target wavelength table.
2026-03-14 23:06:41,020 - SANTEC_IL_STS - INFO - Wavelength table length: 100001
2026-03-14 23:06:42,319 - SANTEC_IL_STS - INFO - TSL stop sweep
2026-03-14 23:06:42,331 - SANTEC_IL_STS - INFO - TSL stop sweep done.
2026-03-14 23:06:42,331 - SANTEC_IL_STS - INFO - STS reference completed.
2026-03-14 23:06:59,714 - SANTEC_IL_STS - INFO - STS reference operation
2026-03-14 23:07:00,696 - SANTEC_IL_STS - INFO - STS reference of Slot0 Ch1
2026-03-14 23:07:00,697 - SANTEC_IL_STS - INFO - MPM set range
2026-03-14 23:07:00,698 - SANTEC_IL_STS - INFO - MPM range set.
2026-03-14 23:07:00,699 - SANTEC_IL_STS - INFO - STS sweep proces
2026-03-14 23:07:00,699 - SANTEC_IL_STS - INFO - TSL start sweep
2026-03-14 23:07:00,724 - SANTEC_IL_STS - INFO - TSL start sweep done.
2026-03-14 23:07:00,724 - SANTEC_IL_STS - INFO - MPM start logging
2026-03-14 23:07:00,725 - SANTEC_IL_STS - INFO - MPM logging started.
2026-03-14 23:07:00,725 - SANTEC_IL_STS - INFO - TSL wait for sweep status
2026-03-14 23:07:01,924 - SANTEC_IL_STS - INFO - TSL wait for sweep status done.
2026-03-14 23:07:01,924 - SANTEC_IL_STS - INFO - SPU sampling start
2026-03-14 23:07:01,944 - SANTEC_IL_STS - INFO - SPU sampling started.
2026-03-14 23:07:01,944 - SANTEC_IL_STS - INFO - Issue soft trigger
2026-03-14 23:07:01,948 - SANTEC_IL_STS - INFO - Issue soft trigger done.
2026-03-14 23:07:01,948 - SANTEC_IL_STS - INFO - SPU sampling wait
2026-03-14 23:07:12,363 - SANTEC_IL_STS - INFO - SPU sampling wait done.
2026-03-14 23:07:12,363 - SANTEC_IL_STS - INFO - MPM wait for log completion
2026-03-14 23:07:12,367 - SANTEC_IL_STS - INFO - MPM logging completed. logging_point=100501
2026-03-14 23:07:12,367 - SANTEC_IL_STS - INFO - MPM stop logging
2026-03-14 23:07:12,369 - SANTEC_IL_STS - INFO - MPM logging stopped.
2026-03-14 23:07:12,369 - SANTEC_IL_STS - INFO - TSL wait for sweep status
2026-03-14 23:07:12,380 - SANTEC_IL_STS - INFO - TSL wait for sweep status done.
2026-03-14 23:07:12,380 - SANTEC_IL_STS - INFO - STS base sweep process done.
2026-03-14 23:07:12,380 - SANTEC_IL_STS - INFO - STS get reference data
2026-03-14 23:07:12,380 - SANTEC_IL_STS - INFO - MPM get each channel log data, slot_number=0, channel_number=1
2026-03-14 23:07:13,420 - SANTEC_IL_STS - INFO - MPM slot 0 channel 1, log data length: 100501
2026-03-14 23:07:13,508 - SANTEC_IL_STS - INFO - Reference log details: MPMNumber=0, SlotNumber=0ChannelNumber=1, RangeNumber=3,Log data length=100501
2026-03-14 23:07:13,508 - SANTEC_IL_STS - INFO - Adding ref mpm channel data.
2026-03-14 23:07:13,566 - SANTEC_IL_STS - INFO - SPU get sampling raw data
2026-03-14 23:07:13,591 - SANTEC_IL_STS - INFO - SPU sampling raw data acquired, data length: trigger=10001, monitor=1041120
2026-03-14 23:07:13,591 - SANTEC_IL_STS - INFO - Adding ref monitor data.
2026-03-14 23:07:13,594 - SANTEC_IL_STS - INFO - Calling ref data for rescaling.
2026-03-14 23:07:13,621 - SANTEC_IL_STS - INFO - Getting ref raw data.
2026-03-14 23:07:13,621 - SANTEC_IL_STS - INFO - Rescaled ref raw power: 100001, Rescaled red monitor: 100001
2026-03-14 23:07:13,621 - SANTEC_IL_STS - INFO - Getting target wavelength table.
2026-03-14 23:07:13,622 - SANTEC_IL_STS - INFO - Wavelength table length: 100001
2026-03-14 23:07:14,876 - SANTEC_IL_STS - INFO - TSL stop sweep
2026-03-14 23:07:14,889 - SANTEC_IL_STS - INFO - TSL stop sweep done.
2026-03-14 23:07:14,889 - SANTEC_IL_STS - INFO - STS reference completed.
2026-03-14 23:08:21,608 - SANTEC_IL_STS - INFO - Querying TSL, command: *RST
