2026-03-15 22:26:10,290 - SANTEC_IL_STS - INFO - Project Version: 2.8.9, Date: 2024-11-19
2026-03-15 22:26:10,400 - SANTEC_IL_STS - INFO - Python Version: 3.13.7 (tags/v3.13.7:bcee1c3, Aug 14 2025, 14:15:11) [MSC v.1944 64 bit (AMD64)]
2026-03-15 22:26:10,401 - SANTEC_IL_STS - INFO - Python Implementation: CPythonArchitecture: 64bit
2026-03-15 22:26:10,401 - SANTEC_IL_STS - INFO - Operating System: Windows 10
2026-03-15 22:26:10,402 - SANTEC_IL_STS - INFO - Platform ID: Windows-10-10.0.19045-SP0
2026-03-15 22:26:10,402 - SANTEC_IL_STS - INFO - Machine: AMD64
2026-03-15 22:26:10,402 - SANTEC_IL_STS - INFO - Processor: Intel64 Family 6 Model 69 Stepping 1, GenuineIntel
2026-03-15 22:26:10,403 - SANTEC_IL_STS - INFO - Getting DLL path, root: c:\Users\Photonics\Desktop\zzx\src\santec\DLL\
2026-03-15 22:26:10,614 - SANTEC_IL_STS - INFO - Adding Instrument DLL to the root, result: InstrumentDLL, Version=2.9.0.0, Culture=neutral, PublicKeyToken=null
2026-03-15 22:26:10,615 - SANTEC_IL_STS - INFO - Adding STSProcess DLL to the root, result: STSProcess, Version=2.2.6.0, Culture=neutral, PublicKeyToken=null
2026-03-15 22:26:12,452 - SANTEC_IL_STS - INFO - Initializing Instrument Addresses
2026-03-15 22:26:12,453 - SANTEC_IL_STS - INFO - Getting GPIB resources
2026-03-15 22:26:12,453 - SANTEC_IL_STS - INFO - Available GPIB resources: ['GPIB0::1::INSTR', 'GPIB0::16::INSTR']
2026-03-15 22:26:12,454 - SANTEC_IL_STS - INFO - Opening resource: GPIB0::1::INSTR
2026-03-15 22:26:12,496 - SANTEC_IL_STS - INFO - Opened instrument: SANTEC,TSL-710,20090003,0003.0051

2026-03-15 22:26:12,498 - SANTEC_IL_STS - INFO - Opening resource: GPIB0::16::INSTR
2026-03-15 22:26:12,533 - SANTEC_IL_STS - INFO - Opened instrument: SANTEC,MPM-210,20090002,Ver.1.12

2026-03-15 22:26:12,535 - SANTEC_IL_STS - INFO - Current instruments: [<santec.get_address.Instrument object at 0x00000222DB2BBB60>, <santec.get_address.Instrument object at 0x00000222DB2934D0>]
2026-03-15 22:26:12,537 - SANTEC_IL_STS - INFO - 自动选择TSL: GPIB0::1::INSTR
2026-03-15 22:26:12,537 - SANTEC_IL_STS - INFO - 自动选择MPM: GPIB0::16::INSTR
2026-03-15 22:26:12,607 - SANTEC_IL_STS - INFO - 自动选择DAQ设备: Dev1
2026-03-15 22:26:12,607 - SANTEC_IL_STS - INFO - Initializing Tsl Instrument class.
2026-03-15 22:26:12,618 - SANTEC_IL_STS - INFO - Tsl Instrument details, Interface: GPIB, Address: , Port: 5000, Instrument:<santec.get_address.Instrument object at 0x00000222DB2BBB60>, Gpib connect type: ni
2026-03-15 22:26:12,619 - SANTEC_IL_STS - INFO - Connect Tsl instrument
2026-03-15 22:26:12,619 - SANTEC_IL_STS - INFO - Connect Tsl instrument, type GPIB
2026-03-15 22:26:12,987 - SANTEC_IL_STS - INFO - Connected to Tsl instrument.
2026-03-15 22:26:12,988 - SANTEC_IL_STS - INFO - Get TSL spec wavelength
2026-03-15 22:26:13,010 - SANTEC_IL_STS - INFO - TSL spec wavelength: min_wav=1480.0, max_wav=1640.0
2026-03-15 22:26:13,010 - SANTEC_IL_STS - INFO - Get TSL name
2026-03-15 22:26:13,013 - SANTEC_IL_STS - INFO - TSL name: TSL-710
2026-03-15 22:26:13,013 - SANTEC_IL_STS - INFO - Checking laser diode status
2026-03-15 22:26:13,025 - SANTEC_IL_STS - INFO - Laser diode ON.
2026-03-15 22:26:40,698 - SANTEC_IL_STS - INFO - Set TSL wavelength: 1551.8
2026-03-15 22:26:41,284 - SANTEC_IL_STS - INFO - Set TSL power: 10.0
2026-03-15 22:27:22,552 - SANTEC_IL_STS - INFO - Set TSL wavelength: 1551.76
2026-03-15 22:27:43,305 - SANTEC_IL_STS - INFO - Set TSL wavelength: 1551.758
2026-03-15 22:30:36,000 - SANTEC_IL_STS - INFO - Set TSL wavelength: 1551.838
2026-03-15 22:31:27,948 - SANTEC_IL_STS - INFO - Set TSL wavelength: 1551.878
2026-03-15 22:32:25,154 - SANTEC_IL_STS - INFO - Set TSL wavelength: 1551.918
2026-03-15 22:33:19,463 - SANTEC_IL_STS - INFO - Set TSL wavelength: 1551.958
2026-03-15 22:33:42,878 - SANTEC_IL_STS - INFO - Set TSL wavelength: 1551.998
2026-03-15 22:34:15,251 - SANTEC_IL_STS - INFO - Set TSL wavelength: 1551.718
2026-03-15 22:34:50,432 - SANTEC_IL_STS - INFO - Set TSL wavelength: 1551.758
2026-03-15 22:35:11,733 - SANTEC_IL_STS - INFO - Set TSL power: 5.0
2026-03-15 22:35:27,832 - SANTEC_IL_STS - INFO - Set TSL power: 0.0
2026-03-15 22:35:41,505 - SANTEC_IL_STS - INFO - Set TSL wavelength: 1551.718
2026-03-15 22:35:50,801 - SANTEC_IL_STS - INFO - Set TSL power: 10.0
2026-03-15 22:37:03,724 - SANTEC_IL_STS - INFO - Set TSL wavelength: 1551.758
2026-03-15 22:37:52,242 - SANTEC_IL_STS - INFO - Set TSL wavelength: 1551.678
2026-03-15 22:38:40,713 - SANTEC_IL_STS - INFO - Set TSL wavelength: 1551.638
2026-03-15 22:44:54,811 - SANTEC_IL_STS - INFO - Set TSL wavelength: 1551.8
2026-03-15 22:53:19,911 - SANTEC_IL_STS - INFO - TSL connection disconnected.
