2026-04-05 23:33:22,747 - SANTEC_IL_STS - INFO - Project Version: 2.8.9, Date: 2024-11-19
2026-04-05 23:33:22,774 - SANTEC_IL_STS - INFO - Python Version: 3.13.7 (tags/v3.13.7:bcee1c3, Aug 14 2025, 14:15:11) [MSC v.1944 64 bit (AMD64)]
2026-04-05 23:33:22,775 - SANTEC_IL_STS - INFO - Python Implementation: CPythonArchitecture: 64bit
2026-04-05 23:33:22,775 - SANTEC_IL_STS - INFO - Operating System: Windows 10
2026-04-05 23:33:22,775 - SANTEC_IL_STS - INFO - Platform ID: Windows-10-10.0.19045-SP0
2026-04-05 23:33:22,776 - SANTEC_IL_STS - INFO - Machine: AMD64
2026-04-05 23:33:22,776 - SANTEC_IL_STS - INFO - Processor: Intel64 Family 6 Model 69 Stepping 1, GenuineIntel
2026-04-05 23:33:22,776 - SANTEC_IL_STS - INFO - Getting DLL path, root: c:\Users\Photonics\Desktop\zzx\src\santec\DLL\
2026-04-05 23:33:22,901 - SANTEC_IL_STS - INFO - Adding Instrument DLL to the root, result: InstrumentDLL, Version=2.9.0.0, Culture=neutral, PublicKeyToken=null
2026-04-05 23:33:22,902 - SANTEC_IL_STS - INFO - Adding STSProcess DLL to the root, result: STSProcess, Version=2.2.6.0, Culture=neutral, PublicKeyToken=null
2026-04-05 23:33:23,671 - SANTEC_IL_STS - INFO - Initializing Instrument Addresses
2026-04-05 23:33:23,674 - SANTEC_IL_STS - INFO - Getting GPIB resources
2026-04-05 23:33:23,674 - SANTEC_IL_STS - INFO - Available GPIB resources: ['GPIB0::1::INSTR', 'GPIB0::16::INSTR', 'GPIB1::16::INSTR']
2026-04-05 23:33:23,675 - SANTEC_IL_STS - INFO - Opening resource: GPIB0::1::INSTR
2026-04-05 23:33:23,716 - SANTEC_IL_STS - INFO - Opened instrument: SANTEC,TSL-710,20090003,0003.0051

2026-04-05 23:33:23,718 - SANTEC_IL_STS - INFO - Opening resource: GPIB0::16::INSTR
2026-04-05 23:33:23,748 - SANTEC_IL_STS - INFO - Opened instrument: SANTEC,MPM-210,20090002,Ver.1.12

2026-04-05 23:33:23,750 - SANTEC_IL_STS - INFO - Opening resource: GPIB1::16::INSTR
2026-04-05 23:33:23,766 - SANTEC_IL_STS - INFO - Opened instrument: Ceyear Technologies,3671G,QZNC000284,2.2.0

2026-04-05 23:33:23,768 - SANTEC_IL_STS - INFO - Current instruments: [<santec.get_address.Instrument object at 0x000001E3E1EFD550>, <santec.get_address.Instrument object at 0x000001E3C8050190>]
2026-04-05 23:33:23,770 - SANTEC_IL_STS - INFO - 自动选择TSL: GPIB0::1::INSTR
2026-04-05 23:33:23,771 - SANTEC_IL_STS - INFO - 自动选择MPM: GPIB0::16::INSTR
2026-04-05 23:33:23,835 - SANTEC_IL_STS - INFO - 自动选择DAQ设备: Dev1
2026-04-05 23:33:23,836 - SANTEC_IL_STS - INFO - Initializing Tsl Instrument class.
2026-04-05 23:33:23,849 - SANTEC_IL_STS - INFO - Tsl Instrument details, Interface: GPIB, Address: , Port: 5000, Instrument:<santec.get_address.Instrument object at 0x000001E3E1EFD550>, Gpib connect type: ni
2026-04-05 23:33:23,850 - SANTEC_IL_STS - INFO - Connect Tsl instrument
2026-04-05 23:33:23,850 - SANTEC_IL_STS - INFO - Connect Tsl instrument, type GPIB
2026-04-05 23:33:24,195 - SANTEC_IL_STS - INFO - Connected to Tsl instrument.
2026-04-05 23:33:24,196 - SANTEC_IL_STS - INFO - Get TSL spec wavelength
2026-04-05 23:33:24,218 - SANTEC_IL_STS - INFO - TSL spec wavelength: min_wav=1480.0, max_wav=1640.0
2026-04-05 23:33:24,219 - SANTEC_IL_STS - INFO - Get TSL name
2026-04-05 23:33:24,221 - SANTEC_IL_STS - INFO - TSL name: TSL-710
2026-04-05 23:33:24,222 - SANTEC_IL_STS - INFO - Checking laser diode status
2026-04-05 23:33:24,234 - SANTEC_IL_STS - INFO - Laser diode ON.
2026-04-05 23:33:29,400 - SANTEC_IL_STS - INFO - Set TSL wavelength: 1551.73
2026-04-05 23:33:45,977 - SANTEC_IL_STS - INFO - Set TSL wavelength: 1551.75
2026-04-05 23:34:00,737 - SANTEC_IL_STS - INFO - Set TSL wavelength: 1551.77
2026-04-05 23:34:15,560 - SANTEC_IL_STS - INFO - Set TSL wavelength: 1551.79
2026-04-05 23:34:30,334 - SANTEC_IL_STS - INFO - Set TSL wavelength: 1551.81
2026-04-05 23:34:45,054 - SANTEC_IL_STS - INFO - Set TSL wavelength: 1551.83
2026-04-05 23:34:59,814 - SANTEC_IL_STS - INFO - Set TSL wavelength: 1551.85
2026-04-05 23:35:14,587 - SANTEC_IL_STS - INFO - Set TSL wavelength: 1551.87
2026-04-05 23:35:29,346 - SANTEC_IL_STS - INFO - Set TSL wavelength: 1551.8899999999999
2026-04-05 23:37:37,350 - SANTEC_IL_STS - INFO - Set TSL wavelength: 1551.81
