2026-04-20 21:30:12,957 - SANTEC_IL_STS - INFO - Project Version: 2.8.9, Date: 2024-11-19
2026-04-20 21:30:12,985 - SANTEC_IL_STS - INFO - Python Version: 3.13.7 (tags/v3.13.7:bcee1c3, Aug 14 2025, 14:15:11) [MSC v.1944 64 bit (AMD64)]
2026-04-20 21:30:12,986 - SANTEC_IL_STS - INFO - Python Implementation: CPythonArchitecture: 64bit
2026-04-20 21:30:12,986 - SANTEC_IL_STS - INFO - Operating System: Windows 10
2026-04-20 21:30:12,988 - SANTEC_IL_STS - INFO - Platform ID: Windows-10-10.0.19045-SP0
2026-04-20 21:30:12,988 - SANTEC_IL_STS - INFO - Machine: AMD64
2026-04-20 21:30:12,989 - SANTEC_IL_STS - INFO - Processor: Intel64 Family 6 Model 69 Stepping 1, GenuineIntel
2026-04-20 21:30:12,989 - SANTEC_IL_STS - INFO - Getting DLL path, root: c:\Users\Photonics\WPSDrive\zzx\src\santec\DLL\
2026-04-20 21:30:13,115 - SANTEC_IL_STS - INFO - Adding Instrument DLL to the root, result: InstrumentDLL, Version=2.9.0.0, Culture=neutral, PublicKeyToken=null
2026-04-20 21:30:13,117 - SANTEC_IL_STS - INFO - Adding STSProcess DLL to the root, result: STSProcess, Version=2.2.6.0, Culture=neutral, PublicKeyToken=null
2026-04-20 21:30:14,097 - SANTEC_IL_STS - INFO - Initializing Instrument Addresses
2026-04-20 21:30:14,098 - SANTEC_IL_STS - INFO - Getting GPIB resources
2026-04-20 21:30:14,099 - SANTEC_IL_STS - INFO - Available GPIB resources: ['GPIB0::16::INSTR', 'GPIB1::1::INSTR', 'GPIB1::16::INSTR']
2026-04-20 21:30:14,100 - SANTEC_IL_STS - INFO - Opening resource: GPIB0::16::INSTR
2026-04-20 21:30:14,113 - SANTEC_IL_STS - INFO - Opened instrument: Ceyear Technologies,3671G,QZNC000284,2.2.0

2026-04-20 21:30:14,115 - SANTEC_IL_STS - INFO - Opening resource: GPIB1::1::INSTR
2026-04-20 21:30:14,140 - SANTEC_IL_STS - INFO - Opened instrument: SANTEC,TSL-710,20090003,0003.0051

2026-04-20 21:30:14,142 - SANTEC_IL_STS - INFO - Opening resource: GPIB1::16::INSTR
2026-04-20 21:30:14,159 - SANTEC_IL_STS - INFO - Opened instrument: SANTEC,MPM-210,20090002,Ver.1.12

2026-04-20 21:30:14,161 - SANTEC_IL_STS - INFO - Current instruments: [<santec.get_address.Instrument object at 0x000002C461C8A270>, <santec.get_address.Instrument object at 0x000002C461B6B4D0>]
2026-04-20 21:30:14,163 - SANTEC_IL_STS - INFO - 自动选择TSL: GPIB1::1::INSTR
2026-04-20 21:30:14,164 - SANTEC_IL_STS - INFO - 自动选择MPM: GPIB1::16::INSTR
2026-04-20 21:30:14,230 - SANTEC_IL_STS - INFO - 自动选择DAQ设备: Dev1
2026-04-20 21:30:14,231 - SANTEC_IL_STS - INFO - Initializing Tsl Instrument class.
2026-04-20 21:30:14,245 - SANTEC_IL_STS - INFO - Tsl Instrument details, Interface: GPIB, Address: , Port: 5000, Instrument:<santec.get_address.Instrument object at 0x000002C461C8A270>, Gpib connect type: ni
2026-04-20 21:30:14,246 - SANTEC_IL_STS - INFO - Connect Tsl instrument
2026-04-20 21:30:14,247 - SANTEC_IL_STS - INFO - Connect Tsl instrument, type GPIB
2026-04-20 21:30:14,587 - SANTEC_IL_STS - INFO - Connected to Tsl instrument.
2026-04-20 21:30:14,588 - SANTEC_IL_STS - INFO - Get TSL spec wavelength
2026-04-20 21:30:14,610 - SANTEC_IL_STS - INFO - TSL spec wavelength: min_wav=1480.0, max_wav=1640.0
2026-04-20 21:30:14,611 - SANTEC_IL_STS - INFO - Get TSL name
2026-04-20 21:30:14,613 - SANTEC_IL_STS - INFO - TSL name: TSL-710
2026-04-20 21:30:14,614 - SANTEC_IL_STS - INFO - Checking laser diode status
2026-04-20 21:30:14,626 - SANTEC_IL_STS - INFO - Laser diode ON.
2026-04-20 21:30:14,627 - SANTEC_IL_STS - INFO - Initializing Mpm Instrument class.
2026-04-20 21:30:14,628 - SANTEC_IL_STS - INFO - Mpm Instrument details, Interface: GPIB, Address: , Port: 5000, Instrument:<santec.get_address.Instrument object at 0x000002C461B6B4D0>, Gpib connect type: ni
2026-04-20 21:30:14,629 - SANTEC_IL_STS - INFO - Connect Mpm instrument
2026-04-20 21:30:14,656 - SANTEC_IL_STS - INFO - Connected to Mpm instrument.
2026-04-20 21:30:14,657 - SANTEC_IL_STS - INFO - Initializing Spu Instrument class.
2026-04-20 21:30:14,658 - SANTEC_IL_STS - INFO - Spu Device details, Device Name: Dev1
2026-04-20 21:30:14,659 - SANTEC_IL_STS - INFO - Connect Spu device
2026-04-20 21:30:14,772 - SANTEC_IL_STS - INFO - Connected to Spu device. device_answer: USB-6210,32509105,Dev1
2026-04-20 21:30:14,773 - SANTEC_IL_STS - INFO - Writing to TSL, command: *CLS
2026-04-20 21:30:14,776 - SANTEC_IL_STS - INFO - Writing to TSL, command: *RST
2026-04-20 21:30:16,780 - SANTEC_IL_STS - INFO - Initializing STS Process class.
2026-04-20 21:30:16,782 - SANTEC_IL_STS - INFO - STS Process details, TslInstrument: TslInstrument, MpmInstrument: MpmInstrument, SpuDevice: <santec.daq_device_class.SpuDevice object at 0x000002C461C8A660>
2026-04-20 21:30:17,624 - SANTEC_IL_STS - INFO - Set TSL power: -10.0
2026-04-20 21:30:18,148 - SANTEC_IL_STS - INFO - Set TSL sweep params: start_wavelength=1545.0, stop_wavelength=1555.0, sweep_step=0.0001, sweep_speed=1.0
2026-04-20 21:30:18,149 - SANTEC_IL_STS - INFO - TSL busy check
2026-04-20 21:30:18,154 - SANTEC_IL_STS - INFO - TSL busy check done.
2026-04-20 21:30:18,725 - SANTEC_IL_STS - INFO - TSL sweep params set, actual_step=0.001
2026-04-20 21:30:18,726 - SANTEC_IL_STS - INFO - TSL busy check
2026-04-20 21:30:18,733 - SANTEC_IL_STS - INFO - TSL busy check done.
2026-04-20 21:30:18,734 - SANTEC_IL_STS - INFO - STS set selected channels for measurement
2026-04-20 21:30:18,735 - SANTEC_IL_STS - INFO - Loading selected channels from previous scan params
2026-04-20 21:30:18,735 - SANTEC_IL_STS - INFO - Loaded the selected channels: 0,1;
2026-04-20 21:30:18,736 - SANTEC_IL_STS - INFO - STS set selected ranges
2026-04-20 21:30:18,736 - SANTEC_IL_STS - INFO - Loading selected ranges from previous scan params
2026-04-20 21:30:18,737 - SANTEC_IL_STS - INFO - Using the loaded dynamic ranges: 3
2026-04-20 21:30:18,737 - SANTEC_IL_STS - INFO - Selected ranges: [3]
2026-04-20 21:30:18,738 - SANTEC_IL_STS - INFO - Set STS data struct
2026-04-20 21:30:18,738 - SANTEC_IL_STS - INFO - Clear all the sts data struct lists.
2026-04-20 21:30:18,739 - SANTEC_IL_STS - INFO - Configure STSDatastruct for each measurement
2026-04-20 21:30:18,740 - SANTEC_IL_STS - INFO - Configure STSDataStruct for merge
2026-04-20 21:30:18,741 - SANTEC_IL_STS - INFO - STS data struct set.
2026-04-20 21:30:18,741 - SANTEC_IL_STS - INFO - Setting STS params
2026-04-20 21:30:18,742 - SANTEC_IL_STS - INFO - Set MPM logging params: start_wavelength=1545.0, stop_wavelength=1555.0, sweep_step=0.0001, sweep_speed=1.0, trigger_step=0.0
2026-04-20 21:30:19,052 - SANTEC_IL_STS - INFO - MPM logging params set.
2026-04-20 21:30:19,053 - SANTEC_IL_STS - INFO - Set SPU logging params: start_wavelength=1545.0, stop_wavelength=1555.0, sweep_speed=1.0, tsl_actual_step=0.001
2026-04-20 21:30:19,060 - SANTEC_IL_STS - INFO - SPU logging params set.
2026-04-20 21:30:19,061 - SANTEC_IL_STS - INFO - MPM get averaging time
2026-04-20 21:30:19,066 - SANTEC_IL_STS - INFO - MPM averaging time: 0.1
2026-04-20 21:30:19,067 - SANTEC_IL_STS - INFO - Clearing STS meas data
2026-04-20 21:30:19,074 - SANTEC_IL_STS - INFO - Clearing STS ref data
2026-04-20 21:30:19,075 - SANTEC_IL_STS - INFO - Making sweep wavelength table
2026-04-20 21:30:19,082 - SANTEC_IL_STS - INFO - Making target wavelength table
2026-04-20 21:30:19,088 - SANTEC_IL_STS - INFO - STS rescaling settings
2026-04-20 21:30:19,089 - SANTEC_IL_STS - INFO - MPM get averaging time
2026-04-20 21:30:19,094 - SANTEC_IL_STS - INFO - MPM averaging time: 0.1
2026-04-20 21:30:19,095 - SANTEC_IL_STS - INFO - STS params set.
2026-04-20 21:30:28,183 - SANTEC_IL_STS - INFO - Loading STS reference from data file.
2026-04-20 21:30:28,184 - SANTEC_IL_STS - INFO - Found 1 matching reference data entries out of 1 saved entries.
2026-04-20 21:30:28,185 - SANTEC_IL_STS - INFO - Adding ref mpm channel data
2026-04-20 21:30:28,248 - SANTEC_IL_STS - INFO - Adding ref monitor data
2026-04-20 21:30:28,735 - SANTEC_IL_STS - INFO - Calling ref data for rescaling
2026-04-20 21:30:31,441 - SANTEC_IL_STS - INFO - STS measurement operation
2026-04-20 21:30:31,442 - SANTEC_IL_STS - INFO - MPM set range
2026-04-20 21:30:31,445 - SANTEC_IL_STS - INFO - MPM range set.
2026-04-20 21:30:31,446 - SANTEC_IL_STS - INFO - STS sweep proces
2026-04-20 21:30:31,447 - SANTEC_IL_STS - INFO - TSL start sweep
2026-04-20 21:30:31,474 - SANTEC_IL_STS - INFO - TSL start sweep done.
2026-04-20 21:30:31,475 - SANTEC_IL_STS - INFO - MPM start logging
2026-04-20 21:30:31,477 - SANTEC_IL_STS - INFO - MPM logging started.
2026-04-20 21:30:31,478 - SANTEC_IL_STS - INFO - TSL wait for sweep status
2026-04-20 21:30:32,937 - SANTEC_IL_STS - INFO - TSL wait for sweep status done.
2026-04-20 21:30:32,938 - SANTEC_IL_STS - INFO - SPU sampling start
2026-04-20 21:30:32,988 - SANTEC_IL_STS - INFO - SPU sampling started.
2026-04-20 21:30:32,989 - SANTEC_IL_STS - INFO - Issue soft trigger
2026-04-20 21:30:32,994 - SANTEC_IL_STS - INFO - Issue soft trigger done.
2026-04-20 21:30:32,995 - SANTEC_IL_STS - INFO - SPU sampling wait
2026-04-20 21:30:44,005 - SANTEC_IL_STS - INFO - SPU sampling wait done.
2026-04-20 21:30:44,006 - SANTEC_IL_STS - INFO - MPM wait for log completion
2026-04-20 21:30:44,012 - SANTEC_IL_STS - INFO - MPM logging completed. logging_point=100501
2026-04-20 21:30:44,013 - SANTEC_IL_STS - INFO - MPM stop logging
2026-04-20 21:30:44,016 - SANTEC_IL_STS - INFO - MPM logging stopped.
2026-04-20 21:30:44,017 - SANTEC_IL_STS - INFO - TSL wait for sweep status
2026-04-20 21:30:44,029 - SANTEC_IL_STS - INFO - TSL wait for sweep status done.
2026-04-20 21:30:44,030 - SANTEC_IL_STS - INFO - STS base sweep process done.
2026-04-20 21:30:44,031 - SANTEC_IL_STS - INFO - STS get measurement data
2026-04-20 21:30:44,031 - SANTEC_IL_STS - INFO - MPM get each channel log data, slot_number=0, channel_number=1
2026-04-20 21:30:45,063 - SANTEC_IL_STS - INFO - MPM slot 0 channel 1, log data length: 100501
2026-04-20 21:30:45,126 - SANTEC_IL_STS - INFO - Measurement log details: MPMNumber=0, SlotNumber=0ChannelNumber=1, RangeNumber=3,Log data length=100501
2026-04-20 21:30:45,127 - SANTEC_IL_STS - INFO - Adding meas mpm channel data
2026-04-20 21:30:45,176 - SANTEC_IL_STS - INFO - SPU get sampling raw data
2026-04-20 21:30:45,210 - SANTEC_IL_STS - INFO - SPU sampling raw data acquired, data length: trigger=10001, monitor=1100001
2026-04-20 21:30:45,933 - SANTEC_IL_STS - INFO - Adding meas monitor data of: MPM0 Slot0 Ch1 Range3 SweepNo1
2026-04-20 21:30:46,892 - SANTEC_IL_STS - INFO - Calling meas data for rescaling of mpm_range: 
2026-04-20 21:30:46,918 - SANTEC_IL_STS - INFO - Calling IL merge
2026-04-20 21:30:46,938 - SANTEC_IL_STS - INFO - TSL stop sweep
2026-04-20 21:30:46,952 - SANTEC_IL_STS - INFO - TSL stop sweep done.
2026-04-20 21:30:47,017 - SANTEC_IL_STS - INFO - Getting IL merge data of: MPM0 Slot0 Ch1 SOP0
2026-04-20 21:30:47,100 - SANTEC_IL_STS - INFO - STS measurement operation done.
