2026-04-06 23:51:14,836 - SANTEC_IL_STS - INFO - Project Version: 2.8.9, Date: 2024-11-19
2026-04-06 23:51:14,867 - SANTEC_IL_STS - INFO - Python Version: 3.13.7 (tags/v3.13.7:bcee1c3, Aug 14 2025, 14:15:11) [MSC v.1944 64 bit (AMD64)]
2026-04-06 23:51:14,868 - SANTEC_IL_STS - INFO - Python Implementation: CPythonArchitecture: 64bit
2026-04-06 23:51:14,868 - SANTEC_IL_STS - INFO - Operating System: Windows 10
2026-04-06 23:51:14,870 - SANTEC_IL_STS - INFO - Platform ID: Windows-10-10.0.19045-SP0
2026-04-06 23:51:14,871 - SANTEC_IL_STS - INFO - Machine: AMD64
2026-04-06 23:51:14,872 - SANTEC_IL_STS - INFO - Processor: Intel64 Family 6 Model 69 Stepping 1, GenuineIntel
2026-04-06 23:51:14,873 - SANTEC_IL_STS - INFO - Getting DLL path, root: c:\Users\Photonics\Desktop\zzx\src\santec\DLL\
2026-04-06 23:51:15,001 - SANTEC_IL_STS - INFO - Adding Instrument DLL to the root, result: InstrumentDLL, Version=2.9.0.0, Culture=neutral, PublicKeyToken=null
2026-04-06 23:51:15,003 - SANTEC_IL_STS - INFO - Adding STSProcess DLL to the root, result: STSProcess, Version=2.2.6.0, Culture=neutral, PublicKeyToken=null
2026-04-06 23:51:16,020 - SANTEC_IL_STS - INFO - Initializing Instrument Addresses
2026-04-06 23:51:16,021 - SANTEC_IL_STS - INFO - Getting GPIB resources
2026-04-06 23:51:16,022 - SANTEC_IL_STS - INFO - Available GPIB resources: ['GPIB0::1::INSTR', 'GPIB0::16::INSTR', 'GPIB1::16::INSTR']
2026-04-06 23:51:16,023 - SANTEC_IL_STS - INFO - Opening resource: GPIB0::1::INSTR
2026-04-06 23:51:16,066 - SANTEC_IL_STS - INFO - Opened instrument: SANTEC,TSL-710,20090003,0003.0051

2026-04-06 23:51:16,067 - SANTEC_IL_STS - INFO - Opening resource: GPIB0::16::INSTR
2026-04-06 23:51:16,098 - SANTEC_IL_STS - INFO - Opened instrument: SANTEC,MPM-210,20090002,Ver.1.12

2026-04-06 23:51:16,100 - SANTEC_IL_STS - INFO - Opening resource: GPIB1::16::INSTR
2026-04-06 23:51:16,115 - SANTEC_IL_STS - INFO - Opened instrument: Ceyear Technologies,3671G,QZNC000284,2.2.0

2026-04-06 23:51:16,117 - SANTEC_IL_STS - INFO - Current instruments: [<santec.get_address.Instrument object at 0x000001AE1F231550>, <santec.get_address.Instrument object at 0x000001AE1F11B390>]
2026-04-06 23:51:16,119 - SANTEC_IL_STS - INFO - 自动选择TSL: GPIB0::1::INSTR
2026-04-06 23:51:16,120 - SANTEC_IL_STS - INFO - 自动选择MPM: GPIB0::16::INSTR
2026-04-06 23:51:16,186 - SANTEC_IL_STS - INFO - 自动选择DAQ设备: Dev1
2026-04-06 23:51:16,187 - SANTEC_IL_STS - INFO - Initializing Tsl Instrument class.
2026-04-06 23:51:16,197 - SANTEC_IL_STS - INFO - Tsl Instrument details, Interface: GPIB, Address: , Port: 5000, Instrument:<santec.get_address.Instrument object at 0x000001AE1F231550>, Gpib connect type: ni
2026-04-06 23:51:16,198 - SANTEC_IL_STS - INFO - Connect Tsl instrument
2026-04-06 23:51:16,199 - SANTEC_IL_STS - INFO - Connect Tsl instrument, type GPIB
2026-04-06 23:51:16,542 - SANTEC_IL_STS - INFO - Connected to Tsl instrument.
2026-04-06 23:51:16,543 - SANTEC_IL_STS - INFO - Get TSL spec wavelength
2026-04-06 23:51:16,564 - SANTEC_IL_STS - INFO - TSL spec wavelength: min_wav=1480.0, max_wav=1640.0
2026-04-06 23:51:16,565 - SANTEC_IL_STS - INFO - Get TSL name
2026-04-06 23:51:16,568 - SANTEC_IL_STS - INFO - TSL name: TSL-710
2026-04-06 23:51:16,568 - SANTEC_IL_STS - INFO - Checking laser diode status
2026-04-06 23:51:16,580 - SANTEC_IL_STS - INFO - Laser diode ON.
2026-04-06 23:51:16,581 - SANTEC_IL_STS - INFO - Initializing Mpm Instrument class.
2026-04-06 23:51:16,582 - SANTEC_IL_STS - INFO - Mpm Instrument details, Interface: GPIB, Address: , Port: 5000, Instrument:<santec.get_address.Instrument object at 0x000001AE1F11B390>, Gpib connect type: ni
2026-04-06 23:51:16,583 - SANTEC_IL_STS - INFO - Connect Mpm instrument
2026-04-06 23:51:16,754 - SANTEC_IL_STS - INFO - Connected to Mpm instrument.
2026-04-06 23:51:16,756 - SANTEC_IL_STS - INFO - Initializing Spu Instrument class.
2026-04-06 23:51:16,776 - SANTEC_IL_STS - INFO - Spu Device details, Device Name: Dev1
2026-04-06 23:51:16,777 - SANTEC_IL_STS - INFO - Connect Spu device
2026-04-06 23:51:17,717 - SANTEC_IL_STS - INFO - Connected to Spu device. device_answer: USB-6210,32509105,Dev1
2026-04-06 23:51:17,718 - SANTEC_IL_STS - INFO - Writing to TSL, command: *CLS
2026-04-06 23:51:17,720 - SANTEC_IL_STS - INFO - Writing to TSL, command: *RST
2026-04-06 23:51:19,725 - SANTEC_IL_STS - INFO - Initializing STS Process class.
2026-04-06 23:51:19,738 - SANTEC_IL_STS - INFO - STS Process details, TslInstrument: TslInstrument, MpmInstrument: MpmInstrument, SpuDevice: <santec.daq_device_class.SpuDevice object at 0x000001AE3841E660>
2026-04-06 23:51:21,732 - SANTEC_IL_STS - INFO - Set TSL power: 10.0
2026-04-06 23:51:21,820 - SANTEC_IL_STS - INFO - Set TSL sweep params: start_wavelength=1545.0, stop_wavelength=1555.0, sweep_step=0.0001, sweep_speed=1.0
2026-04-06 23:51:21,821 - SANTEC_IL_STS - INFO - TSL busy check
2026-04-06 23:51:21,826 - SANTEC_IL_STS - INFO - TSL busy check done.
2026-04-06 23:51:22,397 - SANTEC_IL_STS - INFO - TSL sweep params set, actual_step=0.001
2026-04-06 23:51:22,398 - SANTEC_IL_STS - INFO - TSL busy check
2026-04-06 23:51:22,404 - SANTEC_IL_STS - INFO - TSL busy check done.
2026-04-06 23:51:22,405 - SANTEC_IL_STS - INFO - STS set selected channels for measurement
2026-04-06 23:51:22,406 - SANTEC_IL_STS - INFO - Loading selected channels from previous scan params
2026-04-06 23:51:22,406 - SANTEC_IL_STS - INFO - Loaded the selected channels: 0,1;
2026-04-06 23:51:22,407 - SANTEC_IL_STS - INFO - STS set selected ranges
2026-04-06 23:51:22,407 - SANTEC_IL_STS - INFO - Loading selected ranges from previous scan params
2026-04-06 23:51:22,408 - SANTEC_IL_STS - INFO - Using the loaded dynamic ranges: 1
2026-04-06 23:51:22,409 - SANTEC_IL_STS - INFO - Selected ranges: [1]
2026-04-06 23:51:22,409 - SANTEC_IL_STS - INFO - Set STS data struct
2026-04-06 23:51:22,409 - SANTEC_IL_STS - INFO - Clear all the sts data struct lists.
2026-04-06 23:51:22,410 - SANTEC_IL_STS - INFO - Configure STSDatastruct for each measurement
2026-04-06 23:51:22,418 - SANTEC_IL_STS - INFO - Configure STSDataStruct for merge
2026-04-06 23:51:22,419 - SANTEC_IL_STS - INFO - STS data struct set.
2026-04-06 23:51:22,420 - SANTEC_IL_STS - INFO - Setting STS params
2026-04-06 23:51:22,420 - SANTEC_IL_STS - INFO - Set MPM logging params: start_wavelength=1545.0, stop_wavelength=1555.0, sweep_step=0.0001, sweep_speed=1.0, trigger_step=0.0
2026-04-06 23:51:22,741 - SANTEC_IL_STS - INFO - MPM logging params set.
2026-04-06 23:51:22,742 - SANTEC_IL_STS - INFO - Set SPU logging params: start_wavelength=1545.0, stop_wavelength=1555.0, sweep_speed=1.0, tsl_actual_step=0.001
2026-04-06 23:51:22,780 - SANTEC_IL_STS - INFO - SPU logging params set.
2026-04-06 23:51:22,780 - SANTEC_IL_STS - INFO - MPM get averaging time
2026-04-06 23:51:22,785 - SANTEC_IL_STS - INFO - MPM averaging time: 0.1
2026-04-06 23:51:22,786 - SANTEC_IL_STS - INFO - Clearing STS meas data
2026-04-06 23:51:22,851 - SANTEC_IL_STS - INFO - Clearing STS ref data
2026-04-06 23:51:22,851 - SANTEC_IL_STS - INFO - Making sweep wavelength table
2026-04-06 23:51:22,882 - SANTEC_IL_STS - INFO - Making target wavelength table
2026-04-06 23:51:22,888 - SANTEC_IL_STS - INFO - STS rescaling settings
2026-04-06 23:51:22,889 - SANTEC_IL_STS - INFO - MPM get averaging time
2026-04-06 23:51:22,894 - SANTEC_IL_STS - INFO - MPM averaging time: 0.1
2026-04-06 23:51:22,895 - SANTEC_IL_STS - INFO - STS params set.
2026-04-06 23:51:31,095 - SANTEC_IL_STS - INFO - Loading STS reference from data file.
2026-04-06 23:51:31,096 - SANTEC_IL_STS - INFO - Found 1 matching reference data entries out of 1 saved entries.
2026-04-06 23:51:31,097 - SANTEC_IL_STS - INFO - Adding ref mpm channel data
2026-04-06 23:51:31,584 - SANTEC_IL_STS - INFO - Adding ref monitor data
2026-04-06 23:51:32,043 - SANTEC_IL_STS - INFO - Calling ref data for rescaling
2026-04-06 23:51:35,454 - SANTEC_IL_STS - INFO - STS measurement operation
2026-04-06 23:51:35,455 - SANTEC_IL_STS - INFO - MPM set range
2026-04-06 23:51:35,457 - SANTEC_IL_STS - INFO - MPM range set.
2026-04-06 23:51:35,459 - SANTEC_IL_STS - INFO - STS sweep proces
2026-04-06 23:51:35,460 - SANTEC_IL_STS - INFO - TSL start sweep
2026-04-06 23:51:35,486 - SANTEC_IL_STS - INFO - TSL start sweep done.
2026-04-06 23:51:35,487 - SANTEC_IL_STS - INFO - MPM start logging
2026-04-06 23:51:35,490 - SANTEC_IL_STS - INFO - MPM logging started.
2026-04-06 23:51:35,491 - SANTEC_IL_STS - INFO - TSL wait for sweep status
2026-04-06 23:51:36,652 - SANTEC_IL_STS - INFO - TSL wait for sweep status done.
2026-04-06 23:51:36,654 - SANTEC_IL_STS - INFO - SPU sampling start
2026-04-06 23:51:36,961 - SANTEC_IL_STS - INFO - SPU sampling started.
2026-04-06 23:51:36,962 - SANTEC_IL_STS - INFO - Issue soft trigger
2026-04-06 23:51:36,967 - SANTEC_IL_STS - INFO - Issue soft trigger done.
2026-04-06 23:51:36,968 - SANTEC_IL_STS - INFO - SPU sampling wait
2026-04-06 23:51:48,146 - SANTEC_IL_STS - INFO - SPU sampling wait done.
2026-04-06 23:51:48,147 - SANTEC_IL_STS - INFO - MPM wait for log completion
2026-04-06 23:51:48,153 - SANTEC_IL_STS - INFO - MPM logging completed. logging_point=100501
2026-04-06 23:51:48,154 - SANTEC_IL_STS - INFO - MPM stop logging
2026-04-06 23:51:48,156 - SANTEC_IL_STS - INFO - MPM logging stopped.
2026-04-06 23:51:48,157 - SANTEC_IL_STS - INFO - TSL wait for sweep status
2026-04-06 23:51:48,170 - SANTEC_IL_STS - INFO - TSL wait for sweep status done.
2026-04-06 23:51:48,171 - SANTEC_IL_STS - INFO - STS base sweep process done.
2026-04-06 23:51:48,172 - SANTEC_IL_STS - INFO - STS get measurement data
2026-04-06 23:51:48,172 - SANTEC_IL_STS - INFO - MPM get each channel log data, slot_number=0, channel_number=1
2026-04-06 23:51:49,351 - SANTEC_IL_STS - INFO - MPM slot 0 channel 1, log data length: 100501
2026-04-06 23:51:49,410 - SANTEC_IL_STS - INFO - Measurement log details: MPMNumber=0, SlotNumber=0ChannelNumber=1, RangeNumber=1,Log data length=100501
2026-04-06 23:51:49,411 - SANTEC_IL_STS - INFO - Adding meas mpm channel data
2026-04-06 23:51:49,453 - SANTEC_IL_STS - INFO - SPU get sampling raw data
2026-04-06 23:51:49,501 - SANTEC_IL_STS - INFO - SPU sampling raw data acquired, data length: trigger=10001, monitor=1100001
2026-04-06 23:51:50,261 - SANTEC_IL_STS - INFO - Adding meas monitor data of: MPM0 Slot0 Ch1 Range1 SweepNo1
2026-04-06 23:51:51,203 - SANTEC_IL_STS - INFO - Calling meas data for rescaling of mpm_range: 
2026-04-06 23:51:51,260 - SANTEC_IL_STS - INFO - Calling IL merge
2026-04-06 23:51:51,331 - SANTEC_IL_STS - INFO - TSL stop sweep
2026-04-06 23:51:51,346 - SANTEC_IL_STS - INFO - TSL stop sweep done.
2026-04-06 23:51:51,407 - SANTEC_IL_STS - INFO - Getting IL merge data of: MPM0 Slot0 Ch1 SOP0
2026-04-06 23:51:51,484 - SANTEC_IL_STS - INFO - STS measurement operation done.
